// Jest Snapshot v1, https://goo.gl/fbAQLP

exports[`Hello renders correctly 1`] = `
<h1>
  Hello from 
  newCompiler
   and 
  react
  !
</h1>
`;
